// Jest Snapshot v1, https://goo.gl/fbAQLP

exports[`'attributes' option should handle the "include" type of tags: errors 1`] = `Array []`;

exports[`'attributes' option should handle the "include" type of tags: module 1`] = `
"// Imports
var ___HTML_LOADER_GET_SOURCE_FROM_IMPORT___ = require(\\"../../src/runtime/getUrl.js\\");
var ___HTML_LOADER_IMPORT_0___ = require(\\"./include-header.html\\");
var ___HTML_LOADER_IMPORT_1___ = require(\\"./include-footer.html\\");
var ___HTML_LOADER_IMPORT_2___ = require(\\"./include-content.html\\");
// Module
var ___HTML_LOADER_REPLACER_0___ = ___HTML_LOADER_GET_SOURCE_FROM_IMPORT___(___HTML_LOADER_IMPORT_0___);
var ___HTML_LOADER_REPLACER_1___ = ___HTML_LOADER_GET_SOURCE_FROM_IMPORT___(___HTML_LOADER_IMPORT_1___);
var ___HTML_LOADER_REPLACER_2___ = ___HTML_LOADER_GET_SOURCE_FROM_IMPORT___(___HTML_LOADER_IMPORT_2___);
var code = \\"<div>\\\\n  <article>\\\\n    BeforeHeaderText\\" + ___HTML_LOADER_REPLACER_0___ + \\"AfterHeaderText\\\\n    <ol>\\\\n      <li>Grow a long, majestic beard.</li>\\\\n      <li>Wear a tall, pointed hat.</li>\\\\n      <li>Have I mentioned the beard?</li>\\\\n    </ol>\\\\n    BeforeFooterText\\" + ___HTML_LOADER_REPLACER_1___ + \\"AfterFooterText\\\\n    <div>\\" + ___HTML_LOADER_REPLACER_2___ + \\"</include></div>\\\\n  </article>\\\\n</div>\\\\n\\";
// Exports
module.exports = code;"
`;

exports[`'attributes' option should handle the "include" type of tags: result 1`] = `
"<div>
  <article>
    BeforeHeaderText<header>
  <h1>How to be a wizard</h1>
</header>
AfterHeaderText
    <ol>
      <li>Grow a long, majestic beard.</li>
      <li>Wear a tall, pointed hat.</li>
      <li>Have I mentioned the beard?</li>
    </ol>
    BeforeFooterText<footer>
  <p>© 2018 Gandalf</p>
</footer>
AfterFooterText
    <div><span>Text</span>
</include></div>
  </article>
</div>
"
`;

exports[`'attributes' option should handle the "include" type of tags: warnings 1`] = `Array []`;
