// Jest Snapshot v1, https://goo.gl/fbAQLP

exports[`Errors Loader Error 1`] = `
"Module build failed: HTML Loader: 

tree.forEach is not a function
"
`;

exports[`Errors Validation Error 1`] = `
"./fixture.html
Module build failed: ValidationError: HTML Loader Invalid Options

options.template should be boolean,string

 @ ./error.js 1:0-34 3:15-19"
`;
