// Jest Snapshot v1, https://goo.gl/fbAQLP

exports[`'root' option should not translate root-relative urls by default 1`] = `
"// Exports
module.exports = \\"Text <img src=\\\\\\"/image.png\\\\\\">\\";"
`;

exports[`'root' option should work 1`] = `
"// Imports
function __url__(url) { return url.__esModule ? url.default : url; }
var ___HTML_LOADER_IDENT_0___ = require(\\"/test/image.png\\");
// Exports
module.exports = \\"Text <img src=\\\\\\"\\" + __url__(___HTML_LOADER_IDENT_0___) + \\"\\\\\\">\\";"
`;
